
> event-radar@0.1.0 check /Users/serhiizinchuk/my_projects/events_app
> pnpm typecheck && pnpm lint && pnpm test && pnpm check:env && pnpm check:secrets


> event-radar@0.1.0 typecheck /Users/serhiizinchuk/my_projects/events_app
> pnpm -r typecheck

Scope: 2 of 3 workspace projects
apps/admin typecheck$ tsc --noEmit
apps/mobile typecheck$ tsc --noEmit
apps/admin typecheck: Done
apps/mobile typecheck: Done

> event-radar@0.1.0 lint /Users/serhiizinchuk/my_projects/events_app
> eslint apps scripts


> event-radar@0.1.0 test /Users/serhiizinchuk/my_projects/events_app
> pnpm --filter @event-radar/mobile test && node --test scripts/*.test.mjs


> @event-radar/mobile@0.1.0 test /Users/serhiizinchuk/my_projects/events_app/apps/mobile
> jest --runInBand --watch=false --watchman=false

PASS src/components/ui/button.test.tsx
PASS src/lib/chunked-storage.test.ts
PASS src/lib/messages.test.ts

Test Suites: 3 passed, 3 total
Tests:       12 passed, 12 total
Snapshots:   0 total
Time:        0.774 s, estimated 2 s
Ran all test suites.
TAP version 13
# Subtest: Expo Metro reads a real router PNG through patched image-size
ok 1 - Expo Metro reads a real router PNG through patched image-size
  ---
  duration_ms: 3.655041
  type: 'test'
  ...
# Subtest: unknown environment fails instead of silently using development
ok 2 - unknown environment fails instead of silently using development
  ---
  duration_ms: 0.611875
  type: 'test'
  ...
# Subtest: development and staging can coexist without IDs or deep links colliding
ok 3 - development and staging can coexist without IDs or deep links colliding
  ---
  duration_ms: 0.093125
  type: 'test'
  ...
1..3
# tests 3
# suites 0
# pass 3
# fail 0
# cancelled 0
# skipped 0
# todo 0
# duration_ms 70.72425

> event-radar@0.1.0 check:env /Users/serhiizinchuk/my_projects/events_app
> node scripts/check-env.mjs

Environment examples and separate development/staging IDs are valid.

> event-radar@0.1.0 check:secrets /Users/serhiizinchuk/my_projects/events_app
> node scripts/check-secrets.mjs

Tracked/unignored files contain no known token/private-key patterns or public server-key names.
