
> event-radar@0.1.0 export:mobile <workspace>
> pnpm --filter @event-radar/mobile export


> @event-radar/mobile@0.1.0 export <workspace>/apps/mobile
> node ../../scripts/prepare-map-assets.mjs && expo export --platform ios --platform android --platform web

Prepared pinned MapLibre module worker/shared assets on the same origin.
env: load .env.local
env: export APP_VARIANT EXPO_PUBLIC_SUPABASE_URL EXPO_PUBLIC_SUPABASE_ANON_KEY
Using src/app as the root directory for Expo Router.
Starting Metro Bundler
Web node_modules/expo-router/entry.js ░░░░░░░░░░░░░░░░  4.6% ( 34/158)
iOS node_modules/expo-router/entry.js ▓▓▓▓░░░░░░░░░░░░ 25.1% (244/487)
Android node_modules/expo-router/entry.js ░░░░░░░░░░░░░░░░  0.0% (0/1)
| (node:40828) Warning: The 'NO_COLOR' env is ignored due to the 'FORCE_COLOR' env being set.
| (Use `node --trace-warnings ...` to show where the warning was created)
| (node:40829) Warning: The 'NO_COLOR' env is ignored due to the 'FORCE_COLOR' env being set.
| (Use `node --trace-warnings ...` to show where the warning was created)
Web node_modules/expo-router/entry.js ▓▓▓▓▓▓▓▓▓▓▓▓░░░░ 75.8% (649/848)
iOS node_modules/expo-router/entry.js ▓▓▓▓▓▓▓▓▓▓▓▓▓▓▓░ 98.3% (1580/1594)
Android node_modules/expo-router/entry.js ▓▓▓▓▓▓▓▓▓▓▓▓▓▓▓░ 94.4% (1465/1508)
Web Bundled 4253ms node_modules/expo-router/entry.js (848 modules)
iOS node_modules/expo-router/entry.js ▓▓▓▓▓▓▓▓▓▓▓▓▓▓▓░ 98.3% (1580/1594)
Android node_modules/expo-router/entry.js ▓▓▓▓▓▓▓▓▓▓▓▓▓▓▓░ 99.9% (1596/1596)
iOS Bundled 8152ms node_modules/expo-router/entry.js (1594 modules)
iOS node_modules/expo-router/entry.js ▓▓▓▓▓▓▓▓▓▓▓▓▓▓▓░ 98.3% (1580/1594)
Android node_modules/expo-router/entry.js ▓▓▓▓▓▓▓▓▓▓▓▓▓▓▓░ 99.9% (1596/1596)
Android Bundled 10433ms node_modules/expo-router/entry.js (1596 modules)

› Assets (52):
../../node_modules/@maplibre/maplibre-react-native/lib/module/assets/heading.png (3 variations | 450 B)
../../node_modules/@react-navigation/elements/lib/module/assets/back-icon-mask.0a328cd9c1afd0afe8e3b1ec5165b1b4.png (653 B)
../../node_modules/@react-navigation/elements/lib/module/assets/back-icon-mask.png (653 B)
../../node_modules/@react-navigation/elements/lib/module/assets/back-icon.35ba0eaec5a4f5ed12ca16fabeae451d.png (207 B)
../../node_modules/@react-navigation/elements/lib/module/assets/back-icon.png (8 variations | 359 B)
../../node_modules/@react-navigation/elements/lib/module/assets/clear-icon.c94f6478e7ae0cdd9f15de1fcb9e5e55.png (4 variations | 425 B)
../../node_modules/@react-navigation/elements/lib/module/assets/clear-icon.png (4 variations | 425 B)
../../node_modules/@react-navigation/elements/lib/module/assets/close-icon.808e1b1b9b53114ec2838071a7e6daa7.png (4 variations | 235 B)
../../node_modules/@react-navigation/elements/lib/module/assets/close-icon.png (4 variations | 235 B)
../../node_modules/@react-navigation/elements/lib/module/assets/search-icon.286d67d3f74808a60a78d3ebf1a5fb57.png (928 B)
../../node_modules/@react-navigation/elements/lib/module/assets/search-icon.png (7 variations | 592 B)
../../node_modules/expo-router/assets/arrow_down.017bc6ba3fc25503e5eb5e53826d48a8.png (9.46 kB)
../../node_modules/expo-router/assets/arrow_down.png (9.46 kB)
../../node_modules/expo-router/assets/error.d1ea1496f9057eb392d5bbf3732a61b7.png (469 B)
../../node_modules/expo-router/assets/error.png (469 B)
../../node_modules/expo-router/assets/file.19eeb73b9593a38f8e9f418337fc7d10.png (138 B)
../../node_modules/expo-router/assets/file.png (138 B)
../../node_modules/expo-router/assets/forward.d8b800c443b8972542883e0b9de2bdc6.png (188 B)
../../node_modules/expo-router/assets/forward.png (188 B)
../../node_modules/expo-router/assets/pkg.ab19f4cbc543357183a20571f68380a3.png (364 B)
../../node_modules/expo-router/assets/pkg.png (364 B)
../../node_modules/expo-router/assets/sitemap.412dd9275b6b48ad28f5e3d81bb1f626.png (465 B)
../../node_modules/expo-router/assets/sitemap.png (465 B)
../../node_modules/expo-router/assets/unmatched.20e71bdf79e3a97bf55fd9e164041578.png (4.75 kB)
../../node_modules/expo-router/assets/unmatched.png (4.75 kB)

› web bundles (5):
_expo/static/css/global-864dfb9e07bc08d1c4c64ce52cb7865e.css (11.8 kB)
_expo/static/css/global-d41d8cd98f00b204e9800998ecf8427e.css (0 B)
_expo/static/css/maplibre-gl-1087f32ac90561d22e082126880c64a5.css (83 kB)
_expo/static/js/web/entry-abbff73d74c30657d6cadea157999bb5.js (2.63 MB)
_expo/static/js/web/maplibre-gl-f880e701448c9c5fdd5cfdc056dde1f0.js (1.13 MB)

› ios bundles (1):
_expo/static/js/ios/entry-02403e0e1d409a520dbe1e905a728de8.hbc (7.35 MB)

› android bundles (1):
_expo/static/js/android/entry-19242b552984ab7b96a68b8589d6b6e2.hbc (7.35 MB)

› Files (2):
index.html (1.58 kB)
metadata.json (3.9 kB)

Exported: dist
