
> event-radar@0.1.0 export:mobile /Users/serhiizinchuk/my_projects/events_app
> pnpm --filter @event-radar/mobile export


> @event-radar/mobile@0.1.0 export /Users/serhiizinchuk/my_projects/events_app/apps/mobile
> expo export --platform ios --platform android --platform web

env: load .env.local
env: export APP_VARIANT EXPO_PUBLIC_SUPABASE_URL EXPO_PUBLIC_SUPABASE_ANON_KEY
Using src/app as the root directory for Expo Router.
Starting Metro Bundler
| (node:41991) Warning: The 'NO_COLOR' env is ignored due to the 'FORCE_COLOR' env being set.
| (Use `node --trace-warnings ...` to show where the warning was created)
| (node:41993) Warning: The 'NO_COLOR' env is ignored due to the 'FORCE_COLOR' env being set.
| (Use `node --trace-warnings ...` to show where the warning was created)
| (node:41992) Warning: The 'NO_COLOR' env is ignored due to the 'FORCE_COLOR' env being set.
| (Use `node --trace-warnings ...` to show where the warning was created)
| (node:41994) Warning: The 'NO_COLOR' env is ignored due to the 'FORCE_COLOR' env being set.
| (Use `node --trace-warnings ...` to show where the warning was created)
Web node_modules/expo-router/entry.js ▓▓▓▓▓▓▓▓▓▓▓░░░░░ 69.3% (482/579)
iOS node_modules/expo-router/entry.js ▓▓▓▓▓▓▓▓▓▓▓░░░░░ 70.4% ( 880/1125)
Android node_modules/expo-router/entry.js ▓▓▓▓▓▓▓▓▓▓░░░░░░ 66.8% ( 840/1115)
Web Bundled 1944ms node_modules/expo-router/entry.js (579 modules)
iOS Bundled 3677ms node_modules/expo-router/entry.js (1325 modules)
Android node_modules/expo-router/entry.js ▓▓▓▓▓▓▓▓▓▓▓▓▓▓▓░ 99.9% (1391/1391)
Android Bundled 5246ms node_modules/expo-router/entry.js (1391 modules)

› Assets (49):
../../node_modules/@react-navigation/elements/lib/module/assets/back-icon-mask.0a328cd9c1afd0afe8e3b1ec5165b1b4.png (653 B)
../../node_modules/@react-navigation/elements/lib/module/assets/back-icon-mask.png (653 B)
../../node_modules/@react-navigation/elements/lib/module/assets/back-icon.35ba0eaec5a4f5ed12ca16fabeae451d.png (207 B)
../../node_modules/@react-navigation/elements/lib/module/assets/back-icon.png (8 variations | 359 B)
../../node_modules/@react-navigation/elements/lib/module/assets/clear-icon.c94f6478e7ae0cdd9f15de1fcb9e5e55.png (4 variations | 425 B)
../../node_modules/@react-navigation/elements/lib/module/assets/clear-icon.png (4 variations | 425 B)
../../node_modules/@react-navigation/elements/lib/module/assets/close-icon.808e1b1b9b53114ec2838071a7e6daa7.png (4 variations | 235 B)
../../node_modules/@react-navigation/elements/lib/module/assets/close-icon.png (4 variations | 235 B)
../../node_modules/@react-navigation/elements/lib/module/assets/search-icon.286d67d3f74808a60a78d3ebf1a5fb57.png (928 B)
../../node_modules/@react-navigation/elements/lib/module/assets/search-icon.png (7 variations | 592 B)
../../node_modules/expo-router/assets/arrow_down.017bc6ba3fc25503e5eb5e53826d48a8.png (9.46 kB)
../../node_modules/expo-router/assets/arrow_down.png (9.46 kB)
../../node_modules/expo-router/assets/error.d1ea1496f9057eb392d5bbf3732a61b7.png (469 B)
../../node_modules/expo-router/assets/error.png (469 B)
../../node_modules/expo-router/assets/file.19eeb73b9593a38f8e9f418337fc7d10.png (138 B)
../../node_modules/expo-router/assets/file.png (138 B)
../../node_modules/expo-router/assets/forward.d8b800c443b8972542883e0b9de2bdc6.png (188 B)
../../node_modules/expo-router/assets/forward.png (188 B)
../../node_modules/expo-router/assets/pkg.ab19f4cbc543357183a20571f68380a3.png (364 B)
../../node_modules/expo-router/assets/pkg.png (364 B)
../../node_modules/expo-router/assets/sitemap.412dd9275b6b48ad28f5e3d81bb1f626.png (465 B)
../../node_modules/expo-router/assets/sitemap.png (465 B)
../../node_modules/expo-router/assets/unmatched.20e71bdf79e3a97bf55fd9e164041578.png (4.75 kB)
../../node_modules/expo-router/assets/unmatched.png (4.75 kB)

› web bundles (3):
_expo/static/css/global-b999a5cf7da71279bacc9834be17191f.css (8.6 kB)
_expo/static/css/global-d41d8cd98f00b204e9800998ecf8427e.css (0 B)
_expo/static/js/web/entry-c7150a10cd26659bce55be19bc3431cc.js (1.59 MB)

› ios bundles (1):
_expo/static/js/ios/entry-69184f62878530cbc7f59a502f3f0149.hbc (3.82 MB)

› android bundles (1):
_expo/static/js/android/entry-20878d8074e85707f4096d879efc2b41.hbc (3.82 MB)

› Files (2):
index.html (1.37 kB)
metadata.json (3.52 kB)

Exported: dist
