
> event-radar@0.1.0 export:mobile /Users/serhiizinchuk/my_projects/events_app
> pnpm --filter @event-radar/mobile export


> @event-radar/mobile@0.1.0 export /Users/serhiizinchuk/my_projects/events_app/apps/mobile
> expo export --platform ios --platform android --platform web

Using src/app as the root directory for Expo Router.
Starting Metro Bundler
| (node:51171) Warning: The 'NO_COLOR' env is ignored due to the 'FORCE_COLOR' env being set.
| (Use `node --trace-warnings ...` to show where the warning was created)
| (node:51172) Warning: The 'NO_COLOR' env is ignored due to the 'FORCE_COLOR' env being set.
| (Use `node --trace-warnings ...` to show where the warning was created)
| (node:51173) Warning: The 'NO_COLOR' env is ignored due to the 'FORCE_COLOR' env being set.
| (Use `node --trace-warnings ...` to show where the warning was created)
| (node:51175) Warning: The 'NO_COLOR' env is ignored due to the 'FORCE_COLOR' env being set.
| (Use `node --trace-warnings ...` to show where the warning was created)
| (node:51174) Warning: The 'NO_COLOR' env is ignored due to the 'FORCE_COLOR' env being set.
| (Use `node --trace-warnings ...` to show where the warning was created)
Web node_modules/expo-router/entry.js ░░░░░░░░░░░░░░░░  4.0% (2/2)
iOS node_modules/expo-router/entry.js ▓▓▓▓░░░░░░░░░░░░ 26.9% ( 85/164)
Android node_modules/expo-router/entry.js ░░░░░░░░░░░░░░░░  1.0% (1/2)
| (node:51176) Warning: The 'NO_COLOR' env is ignored due to the 'FORCE_COLOR' env being set.
| (Use `node --trace-warnings ...` to show where the warning was created)
Web node_modules/expo-router/entry.js ▓▓▓▓░░░░░░░░░░░░ 29.0% (121/264)
iOS node_modules/expo-router/entry.js ▓▓▓▓▓▓▓▓░░░░░░░░ 55.5% (535/718)
Android node_modules/expo-router/entry.js ▓▓▓▓░░░░░░░░░░░░ 29.6% (271/498)
Web node_modules/expo-router/entry.js ▓▓▓▓▓▓▓▓▓░░░░░░░ 56.4% (392/522)
iOS node_modules/expo-router/entry.js ▓▓▓▓▓▓▓▓▓▓▓░░░░░ 71.9% (753/975)
Android node_modules/expo-router/entry.js ▓▓▓▓▓▓▓▓░░░░░░░░ 55.1% (571/769)
Web node_modules/expo-router/entry.js ▓▓▓▓▓▓▓▓▓▓▓▓▓░░░ 86.2% (653/800)
iOS node_modules/expo-router/entry.js ▓▓▓▓▓▓▓▓▓▓▓▓▓▓▓░ 95.8% (1048/1071)
Android node_modules/expo-router/entry.js ▓▓▓▓▓▓▓▓▓▓▓▓▓▓░░ 93.4% (1037/1073)
Web Bundled 13437ms node_modules/expo-router/entry.js (888 modules)
iOS Bundled 14758ms node_modules/expo-router/entry.js (1187 modules)
Android node_modules/expo-router/entry.js ▓▓▓▓▓▓▓▓▓▓▓▓▓▓▓░ 99.9% (1184/1184)
Android Bundled 16013ms node_modules/expo-router/entry.js (1184 modules)

› Assets (49):
../../node_modules/@react-navigation/elements/lib/module/assets/back-icon-mask.0a328cd9c1afd0afe8e3b1ec5165b1b4.png (653 B)
../../node_modules/@react-navigation/elements/lib/module/assets/back-icon-mask.png (653 B)
../../node_modules/@react-navigation/elements/lib/module/assets/back-icon.35ba0eaec5a4f5ed12ca16fabeae451d.png (207 B)
../../node_modules/@react-navigation/elements/lib/module/assets/back-icon.png (8 variations | 359 B)
../../node_modules/@react-navigation/elements/lib/module/assets/clear-icon.c94f6478e7ae0cdd9f15de1fcb9e5e55.png (4 variations | 425 B)
../../node_modules/@react-navigation/elements/lib/module/assets/clear-icon.png (4 variations | 425 B)
../../node_modules/@react-navigation/elements/lib/module/assets/close-icon.808e1b1b9b53114ec2838071a7e6daa7.png (4 variations | 235 B)
../../node_modules/@react-navigation/elements/lib/module/assets/close-icon.png (4 variations | 235 B)
../../node_modules/@react-navigation/elements/lib/module/assets/search-icon.286d67d3f74808a60a78d3ebf1a5fb57.png (928 B)
../../node_modules/@react-navigation/elements/lib/module/assets/search-icon.png (7 variations | 592 B)
../../node_modules/expo-router/assets/arrow_down.017bc6ba3fc25503e5eb5e53826d48a8.png (9.46 kB)
../../node_modules/expo-router/assets/arrow_down.png (9.46 kB)
../../node_modules/expo-router/assets/error.d1ea1496f9057eb392d5bbf3732a61b7.png (469 B)
../../node_modules/expo-router/assets/error.png (469 B)
../../node_modules/expo-router/assets/file.19eeb73b9593a38f8e9f418337fc7d10.png (138 B)
../../node_modules/expo-router/assets/file.png (138 B)
../../node_modules/expo-router/assets/forward.d8b800c443b8972542883e0b9de2bdc6.png (188 B)
../../node_modules/expo-router/assets/forward.png (188 B)
../../node_modules/expo-router/assets/pkg.ab19f4cbc543357183a20571f68380a3.png (364 B)
../../node_modules/expo-router/assets/pkg.png (364 B)
../../node_modules/expo-router/assets/sitemap.412dd9275b6b48ad28f5e3d81bb1f626.png (465 B)
../../node_modules/expo-router/assets/sitemap.png (465 B)
../../node_modules/expo-router/assets/unmatched.20e71bdf79e3a97bf55fd9e164041578.png (4.75 kB)
../../node_modules/expo-router/assets/unmatched.png (4.75 kB)

› web bundles (3):
_expo/static/css/global-af8f1c2e9849702a65012bd47a3591e9.css (8.68 kB)
_expo/static/css/global-d41d8cd98f00b204e9800998ecf8427e.css (0 B)
_expo/static/js/web/entry-fcc2427d713c7cabbd1012de915359fb.js (1.24 MB)

› ios bundles (1):
_expo/static/js/ios/entry-8086d3744e0bc875a2e439d3b0a8a49c.hbc (2.94 MB)

› android bundles (1):
_expo/static/js/android/entry-2889d370b1d9cc222a940c40b365f312.hbc (2.94 MB)

› Files (2):
index.html (1.37 kB)
metadata.json (3.52 kB)

Exported: dist
